Timing is on.
BEGIN
Time: 39.353 ms
SET
Time: 40.026 ms
SELECT 1
Time: 66.058 ms
 phase  | leads_before | contacts_before | notes_before 
--------+--------------+-----------------+--------------
 BEFORE |         1066 |           14205 |        99614
(1 row)

Time: 39.959 ms
TRUNCATE TABLE
Time: 40.247 ms
COPY 1036
Time: 369.988 ms
psql:run_leads_and_notes_DRYRUN.sql:76: NOTICE:  LEADS: 1036 rows staged. Running upsert_leads_batch in 500-row pages...
psql:run_leads_and_notes_DRYRUN.sql:76: NOTICE:    offset=0 inserted=1 updated=499 skipped=0 errors=0
psql:run_leads_and_notes_DRYRUN.sql:76: NOTICE:    offset=500 inserted=0 updated=500 skipped=0 errors=0
psql:run_leads_and_notes_DRYRUN.sql:76: NOTICE:    offset=1000 inserted=0 updated=36 skipped=0 errors=0
psql:run_leads_and_notes_DRYRUN.sql:76: NOTICE:  LEADS totals: inserted=1 updated=1035 errors=0
DO
Time: 4300.491 ms (00:04.300)
TRUNCATE TABLE
Time: 40.613 ms
COPY 99832
Time: 1072.025 ms (00:01.072)
psql:run_leads_and_notes_DRYRUN.sql:85: ERROR:  canceling statement due to statement timeout
CONTEXT:  SQL statement "CREATE TEMP TABLE _zoho_notes_work ON COMMIT DROP AS
  SELECT
    s.row_num,
    r.id                                                        AS crm_record_id,
    p_org_id                                                    AS org_id,
    trim(s.note_content)                                        AS body,
    COALESCE(
      NULLIF(s.created_time, '')::timestamp AT TIME ZONE 'America/Denver',
      now()
    )                                                           AS created_at
  FROM import_notes_staging s
  JOIN crm_records r
    ON r.org_id = p_org_id
   AND (
         r.data->>'zoho_record_id' = s.parent_id
      OR r.data->>'zoho_record_id' = 'zcrm_' || s.parent_id
      OR replace(r.data->>'zoho_record_id', 'zcrm_', '') = s.parent_id
     )
  WHERE s.note_content IS NOT NULL
    AND trim(s.note_content) <> ''
    AND (p_since IS NULL OR NULLIF(s.created_time, '')::timestamp >= p_since)"
PL/pgSQL function recover_zoho_notes_for_org(uuid,timestamp with time zone) line 16 at SQL statement
Time: 900059.596 ms (15:00.060)
